// Jest Snapshot v1, https://goo.gl/fbAQLP

exports[`renders listing of products 1`] = `
<DocumentFragment>
  <div>
    <div
      class="product"
    >
      <div
        class="product_header"
      >
        <h2>
          Expresso
        </h2>
        <div>
          <button>
            +
          </button>
        </div>
      </div>
      <strong>
        $5.5
      </strong>
      <div />
    </div>
    <div
      class="product"
    >
      <div
        class="product_header"
      >
        <h2>
          Latte
        </h2>
        <div>
          <button>
            +
          </button>
        </div>
      </div>
      <strong>
        $4.5
      </strong>
      <div />
    </div>
  </div>
</DocumentFragment>
`;
