// Jest Snapshot v1, https://goo.gl/fbAQLP

exports[`renders modal component 1`] = `
<DocumentFragment>
  <div
    class="modal"
  >
    <div
      class="modal_content"
    >
      Some text
      <div>
        <button>
          Close
        </button>
      </div>
    </div>
  </div>
</DocumentFragment>
`;
