// Jest Snapshot v1, https://goo.gl/fbAQLP

exports[`renders correctly 1`] = `
<div>
  <form
    novalidate=""
  >
    <label>
      Email:
      <input
        name="email"
        type="text"
      />
    </label>
    <label>
      Password:
      <input
        type="password"
      />
    </label>
    <input
      type="submit"
      value="Login"
    />
  </form>
</div>
`;
