// Jest Snapshot v1, https://goo.gl/fbAQLP

exports[`renders correctly 1`] = `
<div>
  <div>
    <h1>
      Verify Token
    </h1>
    <form>
      <input
        name="token"
        type="text"
        value=""
      />
      <button
        type="submit"
      >
        Submit
      </button>
    </form>
  </div>
</div>
`;
