// Jest Snapshot v1, https://goo.gl/fbAQLP

exports[`renders correctly 1`] = `
<div>
  <div
    class="App"
  >
    <ul>
      <li>
        <a
          href="/"
        >
          Form
        </a>
      </li>
      <li>
        <a
          href="/Feed"
        >
          Feed
        </a>
      </li>
      <li>
        <a
          href="/Dashboard"
        >
          Dashboard
        </a>
      </li>
    </ul>
    <div>
      <h1>
        Signup
      </h1>
      <form
        action="#"
      >
        <label>
          Email*:
          <input
            name="email"
            value=""
          />
        </label>
        <label>
          Name*:
          <input
            name="username"
            value=""
          />
        </label>
        <button
          type="submit"
        >
          Submit
        </button>
        <span>
          Form is Dirty: 
          False
        </span>
      </form>
    </div>
  </div>
</div>
`;
